^ ^ 0
^ aa 0
^ ae 0
^ ah 0
^ ao 0
^ aw 0
^ ax 0
^ ay 0
^ b 0
^ ch 0
^ cl 0
^ d 0
^ dh 0
^ dx 0
^ eh 0
^ el 0
^ en 0
^ epi 0
^ er 0
^ ey 0
^ f 0
^ g 0
^ hh 0
^ ih 0
^ ix 0
^ iy 0
^ jh 0
^ k 0
^ l 0
^ m 0
^ ng 0
^ n 0
^ ow 0
^ oy 0
^ p 0
^ r 0
^ sh 0
^ sil 3696
^ s 0
^ th 0
^ t 0
^ uh 0
^ uw 0
^ vcl 0
^ v 0
^ w 0
^ y 0
^ zh 0
^ z 0
^ $ 0
aa ^ 0
aa aa 22418
aa ae 0
aa ah 0
aa ao 4
aa aw 0
aa ax 5
aa ay 3
aa b 1
aa ch 0
aa cl 484
aa d 1
aa dh 9
aa dx 132
aa eh 1
aa el 0
aa en 1
aa epi 2
aa er 19
aa ey 0
aa f 33
aa g 0
aa hh 10
aa ih 2
aa ix 4
aa iy 4
aa jh 0
aa k 0
aa l 185
aa m 142
aa ng 12
aa n 214
aa ow 4
aa oy 0
aa p 0
aa r 589
aa sh 18
aa sil 3
aa s 92
aa th 3
aa t 0
aa uh 0
aa uw 0
aa vcl 218
aa v 20
aa w 8
aa y 5
aa zh 6
aa z 18
aa $ 0
ae ^ 0
ae aa 0
ae ae 26370
ae ah 2
ae ao 0
ae aw 0
ae ax 4
ae ay 0
ae b 0
ae ch 1
ae cl 483
ae d 0
ae dh 5
ae dx 135
ae eh 1
ae el 0
ae en 1
ae epi 1
ae er 5
ae ey 0
ae f 124
ae g 0
ae hh 1
ae ih 1
ae ix 2
ae iy 0
ae jh 0
ae k 2
ae l 148
ae m 165
ae ng 66
ae n 480
ae ow 0
ae oy 0
ae p 0
ae r 11
ae sh 60
ae sil 3
ae s 150
ae th 25
ae t 0
ae uh 0
ae uw 0
ae vcl 225
ae v 95
ae w 7
ae y 18
ae zh 6
ae z 65
ae $ 0
ah ^ 0
ah aa 7
ah ae 1
ah ah 14308
ah ao 1
ah aw 0
ah ax 0
ah ay 4
ah b 0
ah ch 0
ah cl 358
ah d 0
ah dh 97
ah dx 106
ah eh 0
ah el 0
ah en 2
ah epi 3
ah er 3
ah ey 1
ah f 57
ah g 0
ah hh 24
ah ih 2
ah ix 9
ah iy 0
ah jh 1
ah k 1
ah l 116
ah m 225
ah ng 90
ah n 426
ah ow 1
ah oy 0
ah p 1
ah r 17
ah sh 38
ah sil 29
ah s 172
ah th 36
ah t 0
ah uh 0
ah uw 0
ah vcl 198
ah v 133
ah w 13
ah y 4
ah zh 5
ah z 85
ah $ 0
ao ^ 0
ao aa 6
ao ae 0
ao ah 3
ao ao 20143
ao aw 7
ao ax 6
ao ay 0
ao b 0
ao ch 0
ao cl 87
ao d 0
ao dh 8
ao dx 69
ao eh 8
ao el 0
ao en 3
ao epi 1
ao er 59
ao ey 8
ao f 101
ao g 0
ao hh 4
ao ih 5
ao ix 18
ao iy 8
ao jh 0
ao k 0
ao l 260
ao m 14
ao ng 92
ao n 123
ao ow 6
ao oy 0
ao p 0
ao r 707
ao sh 8
ao sil 4
ao s 97
ao th 23
ao t 1
ao uh 0
ao uw 0
ao vcl 68
ao v 6
ao w 13
ao y 4
ao zh 1
ao z 33
ao $ 0
aw ^ 0
aw aa 2
aw ae 7
aw ah 12
aw ao 4
aw aw 10369
aw ax 15
aw ay 6
aw b 0
aw ch 0
aw cl 120
aw d 2
aw dh 3
aw dx 60
aw eh 13
aw el 3
aw en 1
aw epi 3
aw er 49
aw ey 13
aw f 6
aw g 0
aw hh 6
aw ih 0
aw ix 7
aw iy 7
aw jh 0
aw k 0
aw l 22
aw m 16
aw ng 0
aw n 194
aw ow 9
aw oy 5
aw p 2
aw r 4
aw sh 2
aw sil 17
aw s 39
aw th 6
aw t 0
aw uh 0
aw uw 0
aw vcl 26
aw v 1
aw w 29
aw y 1
aw zh 1
aw z 15
aw $ 0
ax ^ 0
ax aa 8
ax ae 4
ax ah 1
ax ao 4
ax aw 6
ax ax 14272
ax ay 6
ax b 0
ax ch 1
ax cl 606
ax d 0
ax dh 59
ax dx 44
ax eh 10
ax el 2
ax en 0
ax epi 3
ax er 4
ax ey 1
ax f 149
ax g 0
ax hh 58
ax ih 2
ax ix 3
ax iy 0
ax jh 1
ax k 1
ax l 451
ax m 398
ax ng 1
ax n 417
ax ow 6
ax oy 0
ax p 0
ax r 60
ax sh 13
ax sil 48
ax s 358
ax th 69
ax t 0
ax uh 0
ax uw 0
ax vcl 471
ax v 300
ax w 159
ax y 4
ax zh 0
ax z 163
ax $ 0
ay ^ 0
ay aa 16
ay ae 23
ay ah 15
ay ao 26
ay aw 2
ay ax 15
ay ay 25328
ay b 0
ay ch 0
ay cl 296
ay d 0
ay dh 13
ay dx 77
ay eh 28
ay el 5
ay en 10
ay epi 2
ay er 95
ay ey 28
ay f 43
ay g 1
ay hh 14
ay ih 18
ay ix 94
ay iy 34
ay jh 0
ay k 0
ay l 96
ay m 114
ay ng 11
ay n 180
ay ow 17
ay oy 0
ay p 1
ay r 34
ay sh 9
ay sil 24
ay s 137
ay th 2
ay t 0
ay uh 0
ay uw 3
ay vcl 213
ay v 51
ay w 9
ay y 24
ay zh 0
ay z 137
ay $ 0
b ^ 0
b aa 117
b ae 112
b ah 116
b ao 69
b aw 39
b ax 56
b ay 185
b b 8358
b ch 0
b cl 1
b d 0
b dh 0
b dx 0
b eh 93
b el 155
b en 1
b epi 1
b er 106
b ey 22
b f 2
b g 0
b hh 4
b ih 172
b ix 105
b iy 263
b jh 0
b k 0
b l 133
b m 2
b ng 0
b n 1
b ow 71
b oy 36
b p 0
b r 191
b sh 0
b sil 9
b s 4
b th 3
b t 1
b uh 31
b uw 17
b vcl 3
b v 2
b w 6
b y 27
b zh 0
b z 25
b $ 0
ch ^ 0
ch aa 41
ch ae 20
ch ah 9
ch ao 5
ch aw 0
ch ax 16
ch ay 22
ch b 0
ch ch 6914
ch cl 70
ch d 0
ch dh 9
ch dx 0
ch eh 33
ch el 12
ch en 4
ch epi 26
ch er 98
ch ey 56
ch f 11
ch g 0
ch hh 9
ch ih 52
ch ix 67
ch iy 43
ch jh 0
ch k 0
ch l 14
ch m 1
ch ng 0
ch n 1
ch ow 10
ch oy 8
ch p 0
ch r 8
ch sh 1
ch sil 30
ch s 20
ch th 6
ch t 0
ch uh 8
ch uw 42
ch vcl 42
ch v 5
ch w 1
ch y 13
ch zh 0
ch z 7
ch $ 0
cl ^ 0
cl aa 0
cl ae 25
cl ah 5
cl ao 11
cl aw 0
cl ax 19
cl ay 0
cl b 131
cl ch 730
cl cl 54935
cl d 150
cl dh 188
cl dx 0
cl eh 17
cl el 1
cl en 26
cl epi 1
cl er 4
cl ey 3
cl f 81
cl g 50
cl hh 45
cl ih 18
cl ix 30
cl iy 4
cl jh 28
cl k 3554
cl l 40
cl m 101
cl ng 0
cl n 93
cl ow 7
cl oy 0
cl p 2424
cl r 32
cl sh 77
cl sil 284
cl s 579
cl th 25
cl t 3627
cl uh 1
cl uw 0
cl vcl 7
cl v 22
cl w 41
cl y 22
cl zh 0
cl z 13
cl $ 0
d ^ 0
d aa 75
d ae 47
d ah 84
d ao 62
d aw 61
d ax 100
d ay 41
d b 0
d ch 0
d cl 31
d d 9496
d dh 0
d dx 0
d eh 91
d el 8
d en 10
d epi 4
d er 73
d ey 128
d f 46
d g 0
d hh 67
d ih 256
d ix 359
d iy 116
d jh 0
d k 0
d l 42
d m 5
d ng 0
d n 2
d ow 49
d oy 0
d p 0
d r 166
d sh 5
d sil 223
d s 37
d th 1
d t 0
d uh 8
d uw 94
d vcl 19
d v 9
d w 41
d y 15
d zh 1
d z 56
d $ 0
dh ^ 0
dh aa 3
dh ae 74
dh ah 49
dh ao 0
dh aw 7
dh ax 652
dh ay 0
dh b 0
dh ch 0
dh cl 9
dh d 0
dh dh 11790
dh dx 0
dh eh 199
dh el 2
dh en 2
dh epi 1
dh er 153
dh ey 136
dh f 4
dh g 0
dh hh 2
dh ih 190
dh ix 580
dh iy 247
dh jh 0
dh k 0
dh l 1
dh m 1
dh ng 0
dh n 1
dh ow 42
dh oy 0
dh p 0
dh r 0
dh sh 1
dh sil 3
dh s 6
dh th 0
dh t 0
dh uh 4
dh uw 0
dh vcl 4
dh v 1
dh w 2
dh y 0
dh zh 0
dh z 0
dh $ 0
dx ^ 0
dx aa 17
dx ae 24
dx ah 52
dx ao 35
dx aw 11
dx ax 183
dx ay 6
dx b 0
dx ch 0
dx cl 0
dx d 0
dx dh 0
dx dx 6506
dx eh 42
dx el 44
dx en 26
dx epi 0
dx er 232
dx ey 21
dx f 0
dx g 0
dx hh 3
dx ih 250
dx ix 530
dx iy 325
dx jh 0
dx k 0
dx l 2
dx m 0
dx ng 4
dx n 1
dx ow 37
dx oy 0
dx p 0
dx r 1
dx sh 0
dx sil 0
dx s 0
dx th 0
dx t 0
dx uh 7
dx uw 11
dx vcl 0
dx v 0
dx w 0
dx y 0
dx zh 0
dx z 0
dx $ 0
eh ^ 0
eh aa 2
eh ae 0
eh ah 1
eh ao 1
eh aw 1
eh ax 4
eh ay 0
eh b 0
eh ch 1
eh cl 510
eh d 0
eh dh 25
eh dx 140
eh eh 22365
eh el 1
eh en 0
eh epi 3
eh er 87
eh ey 0
eh f 45
eh g 1
eh hh 10
eh ih 0
eh ix 2
eh iy 0
eh jh 2
eh k 0
eh l 410
eh m 145
eh ng 23
eh n 651
eh ow 0
eh oy 0
eh p 0
eh r 268
eh sh 55
eh sil 1
eh s 233
eh th 5
eh t 1
eh uh 0
eh uw 0
eh vcl 268
eh v 263
eh w 8
eh y 7
eh zh 28
eh z 73
eh $ 0
el ^ 0
el aa 14
el ae 5
el ah 9
el ao 11
el aw 2
el ax 42
el ay 15
el b 0
el ch 0
el cl 134
el d 0
el dh 11
el dx 3
el eh 24
el el 8992
el en 0
el epi 5
el er 2
el ey 5
el f 45
el g 0
el hh 17
el ih 17
el ix 38
el iy 27
el jh 0
el k 0
el l 28
el m 17
el ng 0
el n 22
el ow 3
el oy 0
el p 0
el r 12
el sh 4
el sil 131
el s 62
el th 8
el t 0
el uh 0
el uw 3
el vcl 118
el v 8
el w 17
el y 1
el zh 1
el z 90
el $ 0
en ^ 0
en aa 3
en ae 2
en ah 8
en ao 1
en aw 2
en ax 28
en ay 2
en b 0
en ch 1
en cl 116
en d 3
en dh 16
en dx 0
en eh 21
en el 18
en en 4953
en epi 11
en er 4
en ey 2
en f 16
en g 0
en hh 5
en ih 10
en ix 25
en iy 7
en jh 1
en k 0
en l 16
en m 14
en ng 0
en n 1
en ow 3
en oy 0
en p 0
en r 7
en sh 7
en sil 91
en s 75
en th 1
en t 3
en uh 0
en uw 2
en vcl 41
en v 7
en w 9
en y 5
en zh 0
en z 46
en $ 0
epi ^ 0
epi aa 2
epi ae 2
epi ah 4
epi ao 4
epi aw 1
epi ax 2
epi ay 3
epi b 0
epi ch 1
epi cl 1
epi d 0
epi dh 25
epi dx 0
epi eh 6
epi el 5
epi en 29
epi epi 3254
epi er 4
epi ey 0
epi f 27
epi g 1
epi hh 1
epi ih 2
epi ix 10
epi iy 3
epi jh 0
epi k 0
epi l 58
epi m 201
epi ng 2
epi n 117
epi ow 1
epi oy 0
epi p 2
epi r 39
epi sh 7
epi sil 0
epi s 76
epi th 30
epi t 0
epi uh 0
epi uw 0
epi vcl 1
epi v 9
epi w 197
epi y 5
epi zh 0
epi z 30
epi $ 0
er ^ 0
er aa 25
er ae 11
er ah 31
er ao 34
er aw 17
er ax 39
er ay 24
er b 1
er ch 2
er cl 576
er d 0
er dh 66
er dx 116
er eh 38
er el 16
er en 5
er epi 6
er er 35605
er ey 53
er f 171
er g 0
er hh 85
er ih 54
er ix 185
er iy 110
er jh 3
er k 0
er l 146
er m 200
er ng 2
er n 167
er ow 14
er oy 1
er p 0
er r 168
er sh 38
er sil 301
er s 279
er th 42
er t 0
er uh 0
er uw 0
er vcl 489
er v 111
er w 133
er y 30
er zh 9
er z 310
er $ 0
ey ^ 0
ey aa 11
ey ae 17
ey ah 11
ey ao 26
ey aw 8
ey ax 11
ey ay 9
ey b 0
ey ch 1
ey cl 474
ey d 0
ey dh 8
ey dx 202
ey eh 13
ey el 4
ey en 3
ey epi 5
ey er 19
ey ey 24174
ey f 40
ey g 0
ey hh 21
ey ih 21
ey ix 45
ey iy 8
ey jh 2
ey k 0
ey l 88
ey m 123
ey ng 19
ey n 193
ey ow 22
ey oy 0
ey p 0
ey r 14
ey sh 201
ey sil 55
ey s 168
ey th 14
ey t 0
ey uh 0
ey uw 0
ey vcl 240
ey v 55
ey w 29
ey y 20
ey zh 8
ey z 57
ey $ 0
f ^ 0
f aa 61
f ae 41
f ah 62
f ao 196
f aw 30
f ax 88
f ay 83
f b 0
f ch 0
f cl 157
f d 0
f dh 11
f dx 0
f eh 66
f el 61
f en 11
f epi 12
f er 292
f ey 53
f f 21641
f g 0
f hh 5
f ih 169
f ix 118
f iy 91
f jh 0
f k 0
f l 123
f m 14
f ng 0
f n 1
f ow 21
f oy 2
f p 0
f r 193
f sh 7
f sil 63
f s 62
f th 0
f t 0
f uh 27
f uw 30
f vcl 18
f v 3
f w 6
f y 38
f zh 0
f z 0
f $ 0
g ^ 0
g aa 68
g ae 57
g ah 42
g ao 25
g aw 6
g ax 13
g ay 14
g b 0
g ch 0
g cl 3
g d 0
g dh 0
g dx 0
g eh 83
g el 16
g en 2
g epi 0
g er 73
g ey 36
g f 7
g g 5341
g hh 2
g ih 103
g ix 32
g iy 3
g jh 0
g k 0
g l 43
g m 2
g ng 0
g n 6
g ow 95
g oy 5
g p 0
g r 237
g sh 5
g sil 5
g s 15
g th 5
g t 0
g uh 40
g uw 29
g vcl 2
g v 0
g w 19
g y 22
g zh 0
g z 76
g $ 0
hh ^ 0
hh aa 101
hh ae 254
hh ah 42
hh ao 62
hh aw 103
hh ax 9
hh ay 81
hh b 0
hh ch 0
hh cl 0
hh d 0
hh dh 0
hh dx 0
hh eh 162
hh el 0
hh en 0
hh epi 0
hh er 122
hh ey 16
hh f 0
hh g 0
hh hh 12136
hh ih 173
hh ix 108
hh iy 219
hh jh 0
hh k 0
hh l 1
hh m 1
hh ng 0
hh n 1
hh ow 62
hh oy 0
hh p 0
hh r 1
hh sh 0
hh sil 10
hh s 1
hh th 0
hh t 0
hh uh 14
hh uw 51
hh vcl 0
hh v 0
hh w 28
hh y 36
hh zh 0
hh z 1
hh $ 0
ih ^ 0
ih aa 3
ih ae 6
ih ah 3
ih ao 2
ih aw 0
ih ax 14
ih ay 1
ih b 0
ih ch 0
ih cl 607
ih d 0
ih dh 18
ih dx 121
ih eh 6
ih el 2
ih en 3
ih epi 1
ih er 117
ih ey 7
ih f 108
ih g 0
ih hh 14
ih ih 24851
ih ix 14
ih iy 7
ih jh 3
ih k 1
ih l 258
ih m 209
ih ng 277
ih n 701
ih ow 3
ih oy 0
ih p 0
ih r 131
ih sh 172
ih sil 6
ih s 448
ih th 49
ih t 1
ih uh 0
ih uw 1
ih vcl 414
ih v 130
ih w 22
ih y 9
ih zh 15
ih z 341
ih $ 0
ix ^ 0
ix aa 5
ix ae 8
ix ah 3
ix ao 8
ix aw 2
ix ax 6
ix ay 4
ix b 0
ix ch 0
ix cl 1304
ix d 0
ix dh 72
ix dx 182
ix eh 21
ix el 5
ix en 3
ix epi 2
ix er 18
ix ey 3
ix f 134
ix g 0
ix hh 44
ix ih 12
ix ix 27894
ix iy 11
ix jh 3
ix k 3
ix l 144
ix m 300
ix ng 401
ix n 1761
ix ow 11
ix oy 0
ix p 1
ix r 41
ix sh 115
ix sil 63
ix s 696
ix th 104
ix t 1
ix uh 0
ix uw 2
ix vcl 937
ix v 211
ix w 55
ix y 35
ix zh 11
ix z 624
ix $ 0
iy ^ 0
iy aa 83
iy ae 70
iy ah 45
iy ao 38
iy aw 17
iy ax 60
iy ay 24
iy b 0
iy ch 0
iy cl 712
iy d 0
iy dh 54
iy dx 115
iy eh 79
iy el 6
iy en 4
iy epi 7
iy er 61
iy ey 57
iy f 117
iy g 0
iy hh 110
iy ih 112
iy ix 271
iy iy 40214
iy jh 0
iy k 1
iy l 157
iy m 175
iy ng 201
iy n 222
iy ow 78
iy oy 7
iy p 0
iy r 69
iy sh 50
iy sil 316
iy s 283
iy th 28
iy t 0
iy uh 3
iy uw 3
iy vcl 354
iy v 144
iy w 112
iy y 49
iy zh 6
iy z 298
iy $ 0
jh ^ 0
jh aa 25
jh ae 17
jh ah 39
jh ao 23
jh aw 1
jh ax 40
jh ay 17
jh b 0
jh ch 1
jh cl 61
jh d 0
jh dh 8
jh dx 0
jh eh 69
jh el 3
jh en 24
jh epi 17
jh er 62
jh ey 7
jh f 2
jh g 0
jh hh 10
jh ih 69
jh ix 194
jh iy 50
jh jh 7205
jh k 0
jh l 8
jh m 2
jh ng 0
jh n 3
jh ow 8
jh oy 30
jh p 0
jh r 5
jh sh 0
jh sil 56
jh s 7
jh th 5
jh t 0
jh uh 9
jh uw 60
jh vcl 59
jh v 1
jh w 8
jh y 13
jh zh 0
jh z 0
jh $ 0
k ^ 0
k aa 229
k ae 194
k ah 164
k ao 142
k aw 62
k ax 132
k ay 33
k b 0
k ch 0
k cl 22
k d 0
k dh 13
k dx 0
k eh 101
k el 194
k en 45
k epi 6
k er 140
k ey 108
k f 30
k g 0
k hh 27
k ih 85
k ix 329
k iy 97
k jh 0
k k 21638
k l 269
k m 42
k ng 5
k n 5
k ow 87
k oy 31
k p 0
k r 247
k sh 39
k sil 91
k s 363
k th 8
k t 1
k uh 51
k uw 68
k vcl 7
k v 4
k w 213
k y 104
k zh 0
k z 6
k $ 0
l ^ 0
l aa 144
l ae 215
l ah 105
l ao 140
l aw 75
l ax 291
l ay 235
l b 0
l ch 1
l cl 219
l d 1
l dh 35
l dx 32
l eh 214
l el 1
l en 5
l epi 12
l er 124
l ey 238
l f 79
l g 0
l hh 20
l ih 271
l ix 252
l iy 599
l jh 0
l k 0
l l 30482
l m 87
l ng 0
l n 15
l ow 144
l oy 18
l p 0
l r 19
l sh 12
l sil 107
l s 87
l th 29
l t 0
l uh 45
l uw 80
l vcl 245
l v 33
l w 66
l y 31
l zh 3
l z 94
l $ 0
m ^ 0
m aa 79
m ae 136
m ah 201
m ao 106
m aw 18
m ax 173
m ay 166
m b 9
m ch 0
m cl 406
m d 3
m dh 62
m dx 0
m eh 174
m el 21
m en 9
m epi 42
m er 106
m ey 226
m f 35
m g 0
m hh 33
m ih 141
m ix 267
m iy 168
m jh 0
m k 0
m l 42
m m 24947
m ng 0
m n 36
m ow 107
m oy 16
m p 1
m r 17
m sh 9
m sil 205
m s 68
m th 8
m t 1
m uh 4
m uw 90
m vcl 166
m v 9
m w 34
m y 50
m zh 0
m z 122
m $ 0
ng ^ 0
ng aa 14
ng ae 4
ng ah 11
ng ao 12
ng aw 3
ng ax 12
ng ay 0
ng b 0
ng ch 0
ng cl 214
ng d 2
ng dh 35
ng dx 0
ng eh 13
ng el 1
ng en 0
ng epi 10
ng er 19
ng ey 5
ng f 32
ng g 17
ng hh 54
ng ih 46
ng ix 71
ng iy 12
ng jh 0
ng k 9
ng l 19
ng m 20
ng ng 8824
ng n 15
ng ow 3
ng oy 0
ng p 0
ng r 36
ng sh 16
ng sil 165
ng s 47
ng th 7
ng t 0
ng uh 0
ng uw 0
ng vcl 166
ng v 14
ng w 54
ng y 25
ng zh 1
ng z 36
ng $ 0
n ^ 0
n aa 199
n ae 83
n ah 180
n ao 82
n aw 74
n ax 227
n ay 97
n b 2
n ch 13
n cl 1041
n d 81
n dh 202
n dx 5
n eh 196
n el 41
n en 7
n epi 48
n er 186
n ey 83
n f 103
n g 1
n hh 121
n ih 295
n ix 463
n iy 354
n jh 27
n k 1
n l 127
n m 125
n ng 0
n n 36982
n ow 170
n oy 17
n p 0
n r 65
n sh 69
n sil 332
n s 441
n th 18
n t 15
n uh 1
n uw 99
n vcl 702
n v 35
n w 100
n y 75
n zh 8
n z 283
n $ 0
ow ^ 0
ow aa 13
ow ae 11
ow ah 9
ow ao 22
ow aw 7
ow ax 19
ow ay 9
ow b 0
ow ch 0
ow cl 250
ow d 0
ow dh 19
ow dx 50
ow eh 13
ow el 2
ow en 1
ow epi 1
ow er 10
ow ey 8
ow f 25
ow g 0
ow hh 21
ow ih 14
ow ix 45
ow iy 4
ow jh 0
ow k 0
ow l 157
ow m 77
ow ng 4
ow n 193
ow ow 17774
ow oy 6
ow p 0
ow r 10
ow sh 40
ow sil 47
ow s 133
ow th 44
ow t 0
ow uh 0
ow uw 0
ow vcl 101
ow v 112
ow w 31
ow y 3
ow zh 12
ow z 119
ow $ 0
oy ^ 0
oy aa 1
oy ae 8
oy ah 0
oy ao 6
oy aw 0
oy ax 1
oy ay 0
oy b 0
oy ch 0
oy cl 10
oy d 0
oy dh 7
oy dx 8
oy eh 1
oy el 3
oy en 0
oy epi 0
oy er 8
oy ey 7
oy f 0
oy g 0
oy hh 0
oy ih 11
oy ix 14
oy iy 6
oy jh 0
oy k 0
oy l 22
oy m 4
oy ng 5
oy n 49
oy ow 0
oy oy 4427
oy p 0
oy r 0
oy sh 12
oy sil 0
oy s 57
oy th 0
oy t 0
oy uh 0
oy uw 0
oy vcl 28
oy v 0
oy w 1
oy y 7
oy zh 0
oy z 28
oy $ 0
p ^ 0
p aa 147
p ae 75
p ah 31
p ao 52
p aw 32
p ax 89
p ay 70
p b 0
p ch 2
p cl 14
p d 0
p dh 9
p dx 0
p eh 100
p el 68
p en 8
p epi 0
p er 324
p ey 116
p f 2
p g 1
p hh 7
p ih 106
p ix 114
p iy 105
p jh 0
p k 0
p l 336
p m 0
p ng 0
p n 6
p ow 78
p oy 49
p p 15322
p r 395
p sh 5
p sil 39
p s 80
p th 6
p t 0
p uh 33
p uw 17
p vcl 6
p v 0
p w 19
p y 45
p zh 0
p z 2
p $ 0
r ^ 0
r aa 181
r ae 220
r ah 188
r ao 83
r aw 48
r ax 107
r ay 200
r b 0
r ch 1
r cl 213
r d 0
r dh 37
r dx 138
r eh 321
r el 26
r en 11
r epi 0
r er 59
r ey 237
r f 45
r g 0
r hh 22
r ih 308
r ix 395
r iy 620
r jh 3
r k 0
r l 73
r m 141
r ng 0
r n 80
r ow 193
r oy 20
r p 0
r r 25655
r sh 28
r sil 31
r s 75
r th 6
r t 0
r uh 11
r uw 170
r vcl 290
r v 12
r w 43
r y 11
r zh 4
r z 29
r $ 0
sh ^ 0
sh aa 32
sh ae 15
sh ah 14
sh ao 36
sh aw 10
sh ax 38
sh ay 8
sh b 0
sh ch 1
sh cl 96
sh d 0
sh dh 1
sh dx 0
sh eh 39
sh el 27
sh en 171
sh epi 67
sh er 58
sh ey 19
sh f 16
sh g 0
sh hh 1
sh ih 64
sh ix 264
sh iy 114
sh jh 0
sh k 0
sh l 15
sh m 4
sh ng 1
sh n 4
sh ow 27
sh oy 0
sh p 0
sh r 24
sh sh 15575
sh sil 27
sh s 14
sh th 6
sh t 0
sh uh 31
sh uw 38
sh vcl 16
sh v 7
sh w 0
sh y 7
sh zh 0
sh z 5
sh $ 0
sil ^ 0
sil aa 69
sil ae 97
sil ah 70
sil ao 62
sil aw 7
sil ax 121
sil ay 74
sil b 215
sil ch 32
sil cl 4
sil d 156
sil dh 905
sil dx 0
sil eh 85
sil el 3
sil en 9
sil epi 0
sil er 11
sil ey 62
sil f 78
sil g 57
sil hh 389
sil ih 118
sil ix 167
sil iy 37
sil jh 52
sil k 175
sil l 48
sil m 160
sil ng 0
sil n 135
sil ow 23
sil oy 1
sil p 92
sil r 108
sil sh 101
sil sil 106065
sil s 194
sil th 28
sil t 167
sil uh 0
sil uw 1
sil vcl 13
sil v 20
sil w 351
sil y 83
sil zh 0
sil z 6
sil $ 3696
s ^ 0
s aa 51
s ae 52
s ah 197
s ao 106
s aw 7
s ax 275
s ay 127
s b 0
s ch 1
s cl 1946
s d 0
s dh 64
s dx 0
s eh 270
s el 18
s en 40
s epi 351
s er 170
s ey 69
s f 108
s g 0
s hh 76
s ih 208
s ix 484
s iy 207
s jh 0
s k 0
s l 84
s m 20
s ng 2
s n 14
s ow 99
s oy 16
s p 0
s r 28
s sh 14
s sil 698
s s 64589
s th 25
s t 3
s uh 11
s uw 72
s vcl 188
s v 4
s w 49
s y 17
s zh 0
s z 5
s $ 0
th ^ 0
th aa 2
th ae 11
th ah 9
th ao 17
th aw 13
th ax 35
th ay 2
th b 0
th ch 0
th cl 44
th d 0
th dh 5
th dx 0
th eh 23
th el 1
th en 1
th epi 18
th er 55
th ey 7
th f 15
th g 0
th hh 15
th ih 118
th ix 57
th iy 58
th jh 0
th k 0
th l 10
th m 1
th ng 1
th n 4
th ow 1
th oy 0
th p 0
th r 96
th sh 2
th sil 40
th s 12
th th 6288
th t 0
th uh 1
th uw 7
th vcl 35
th v 11
th w 6
th y 8
th zh 0
th z 4
th $ 0
t ^ 0
t aa 120
t ae 152
t ah 90
t ao 90
t aw 14
t ax 243
t ay 132
t b 0
t ch 0
t cl 26
t d 0
t dh 3
t dx 0
t eh 207
t el 4
t en 15
t epi 8
t er 265
t ey 139
t f 39
t g 0
t hh 50
t ih 209
t ix 491
t iy 195
t jh 0
t k 0
t l 7
t m 11
t ng 1
t n 1
t ow 44
t oy 7
t p 0
t r 394
t sh 14
t sil 257
t s 217
t th 1
t t 20724
t uh 37
t uw 378
t vcl 17
t v 3
t w 51
t y 16
t zh 0
t z 0
t $ 0
uh ^ 0
uh aa 2
uh ae 0
uh ah 0
uh ao 1
uh aw 1
uh ax 5
uh ay 0
uh b 0
uh ch 0
uh cl 133
uh d 0
uh dh 5
uh dx 58
uh eh 0
uh el 0
uh en 0
uh epi 0
uh er 3
uh ey 1
uh f 5
uh g 0
uh hh 5
uh ih 0
uh ix 2
uh iy 0
uh jh 0
uh k 0
uh l 46
uh m 12
uh ng 0
uh n 7
uh ow 1
uh oy 0
uh p 0
uh r 9
uh sh 9
uh sil 0
uh s 16
uh th 1
uh t 0
uh uh 2552
uh uw 0
uh vcl 146
uh v 5
uh w 6
uh y 1
uh zh 0
uh z 20
uh $ 0
uw ^ 0
uw aa 36
uw ae 27
uw ah 21
uw ao 20
uw aw 8
uw ax 47
uw ay 13
uw b 0
uw ch 0
uw cl 205
uw d 0
uw dh 51
uw dx 71
uw eh 26
uw el 15
uw en 2
uw epi 1
uw er 21
uw ey 31
uw f 42
uw g 0
uw hh 45
uw ih 26
uw ix 53
uw iy 14
uw jh 0
uw k 1
uw l 61
uw m 128
uw ng 0
uw n 140
uw ow 13
uw oy 6
uw p 0
uw r 21
uw sh 32
uw sil 51
uw s 113
uw th 31
uw t 1
uw uh 1
uw uw 16144
uw vcl 198
uw v 83
uw w 59
uw y 32
uw zh 16
uw z 185
uw $ 0
vcl ^ 0
vcl aa 3
vcl ae 8
vcl ah 6
vcl ao 4
vcl aw 1
vcl ax 18
vcl ay 0
vcl b 1822
vcl ch 30
vcl cl 0
vcl d 2031
vcl dh 69
vcl dx 0
vcl eh 6
vcl el 24
vcl en 63
vcl epi 0
vcl er 32
vcl ey 3
vcl f 58
vcl g 1062
vcl hh 36
vcl ih 15
vcl ix 62
vcl iy 10
vcl jh 887
vcl k 45
vcl l 33
vcl m 58
vcl ng 0
vcl n 86
vcl ow 2
vcl oy 0
vcl p 63
vcl r 38
vcl sh 18
vcl sil 155
vcl s 81
vcl th 28
vcl t 125
vcl uh 0
vcl uw 1
vcl vcl 28837
vcl v 37
vcl w 46
vcl y 19
vcl zh 1
vcl z 131
vcl $ 0
v ^ 0
v aa 36
v ae 83
v ah 15
v ao 35
v aw 10
v ax 103
v ay 49
v b 0
v ch 0
v cl 121
v d 0
v dh 91
v dx 0
v eh 85
v el 52
v en 10
v epi 13
v er 272
v ey 58
v f 14
v g 0
v hh 42
v ih 92
v ix 147
v iy 83
v jh 0
v k 0
v l 40
v m 35
v ng 0
v n 59
v ow 18
v oy 17
v p 0
v r 123
v sh 1
v sil 32
v s 66
v th 1
v t 0
v uh 0
v uw 3
v vcl 79
v v 11306
v w 25
v y 34
v zh 6
v z 44
v $ 0
w ^ 0
w aa 103
w ae 11
w ah 207
w ao 121
w aw 7
w ax 267
w ay 126
w b 0
w ch 0
w cl 0
w d 0
w dh 1
w dx 0
w eh 158
w el 68
w en 5
w epi 0
w er 169
w ey 121
w f 0
w g 0
w hh 0
w ih 199
w ix 309
w iy 211
w jh 0
w k 0
w l 0
w m 0
w ng 0
w n 1
w ow 11
w oy 6
w p 0
w r 0
w sh 0
w sil 0
w s 0
w th 0
w t 0
w uh 104
w uw 11
w vcl 0
w v 0
w w 16402
w y 0
w zh 0
w z 0
w $ 0
y ^ 0
y aa 25
y ae 7
y ah 35
y ao 24
y aw 1
y ax 18
y ay 0
y b 0
y ch 0
y cl 0
y d 0
y dh 0
y dx 0
y eh 36
y el 6
y en 0
y epi 0
y er 161
y ey 4
y f 0
y g 0
y hh 0
y ih 38
y ix 85
y iy 6
y jh 0
y k 0
y l 1
y m 2
y ng 0
y n 0
y ow 12
y oy 0
y p 0
y r 0
y sh 0
y sil 0
y s 0
y th 0
y t 0
y uh 12
y uw 522
y vcl 0
y v 0
y w 0
y y 6868
y zh 0
y z 0
y $ 0
zh ^ 0
zh aa 0
zh ae 0
zh ah 0
zh ao 1
zh aw 0
zh ax 2
zh ay 0
zh b 0
zh ch 0
zh cl 10
zh d 0
zh dh 3
zh dx 0
zh eh 0
zh el 2
zh en 8
zh epi 1
zh er 36
zh ey 0
zh f 1
zh g 0
zh hh 2
zh ih 2
zh ix 23
zh iy 0
zh jh 0
zh k 0
zh l 4
zh m 1
zh ng 0
zh n 0
zh ow 0
zh oy 0
zh p 1
zh r 3
zh sh 0
zh sil 2
zh s 3
zh th 0
zh t 0
zh uh 2
zh uw 22
zh vcl 8
zh v 0
zh w 5
zh y 7
zh zh 1272
zh z 0
zh $ 0
z ^ 0
z aa 71
z ae 56
z ah 65
z ao 47
z aw 7
z ax 241
z ay 26
z b 0
z ch 0
z cl 342
z d 2
z dh 54
z dx 0
z eh 83
z el 5
z en 49
z epi 213
z er 118
z ey 67
z f 119
z g 0
z hh 122
z ih 169
z ix 422
z iy 111
z jh 0
z k 0
z l 39
z m 51
z ng 0
z n 65
z ow 29
z oy 0
z p 0
z r 42
z sh 3
z sil 532
z s 13
z th 8
z t 0
z uh 4
z uw 20
z vcl 371
z v 18
z w 85
z y 13
z zh 0
z z 32219
z $ 0
$ ^ 0
$ aa 0
$ ae 0
$ ah 0
$ ao 0
$ aw 0
$ ax 0
$ ay 0
$ b 0
$ ch 0
$ cl 0
$ d 0
$ dh 0
$ dx 0
$ eh 0
$ el 0
$ en 0
$ epi 0
$ er 0
$ ey 0
$ f 0
$ g 0
$ hh 0
$ ih 0
$ ix 0
$ iy 0
$ jh 0
$ k 0
$ l 0
$ m 0
$ ng 0
$ n 0
$ ow 0
$ oy 0
$ p 0
$ r 0
$ sh 0
$ sil 0
$ s 0
$ th 0
$ t 0
$ uh 0
$ uw 0
$ vcl 0
$ v 0
$ w 0
$ y 0
$ zh 0
$ z 0
$ $ 0
